\BOOKMARK [2][-]{subsection.0.1}{\376\377\116\073\060\152\146\364\145\260\117\134\151\155}{}% 1
\BOOKMARK [1][-]{section.1}{\376\377\060\333\060\374\060\340\060\332\060\374\060\270\060\156\151\313\142\020}{}% 2
\BOOKMARK [2][-]{subsection.1.1}{\376\377\060\325\060\251\060\353\060\300\151\313\142\020}{section.1}% 3
\BOOKMARK [2][-]{subsection.1.2}{\376\377\124\004\060\325\060\241\060\244\060\353\060\156\137\171\122\162}{section.1}% 4
\BOOKMARK [2][-]{subsection.1.3}{\376\377\146\156\153\265\175\350\226\306\060\131\060\213\060\325\060\241\060\244\060\353}{section.1}% 5
\BOOKMARK [1][-]{section.2}{\376\377\000N\000E\000W\000S\377\010\060\112\167\345\060\211\060\133\377\011\060\156\146\364\145\260}{}% 6
\BOOKMARK [2][-]{subsection.2.1}{\376\377\000N\000E\000W\000S\060\156\116\325\175\104\060\177}{section.2}% 7
\BOOKMARK [2][-]{subsection.2.2}{\376\377\060\310\060\303\060\327\060\332\060\374\060\270\060\153\000N\000E\000W\000S\060\222\217\375\122\240\060\131\060\213}{section.2}% 8
\BOOKMARK [2][-]{subsection.2.3}{\376\377\145\260\060\127\060\104\000N\000E\000W\000S\060\222\116\000\165\152\116\012\060\153\217\375\122\240\060\131\060\213}{section.2}% 9
\BOOKMARK [2][-]{subsection.2.4}{\376\377\000N\000E\000W\000S\116\000\211\247\060\332\060\374\060\270\060\153\060\202\217\375\122\240\060\131\060\213}{section.2}% 10
\BOOKMARK [2][-]{subsection.2.5}{\376\377\136\164\060\114\131\011\060\217\060\143\060\137\130\064\124\010}{section.2}% 11
\BOOKMARK [1][-]{section.3}{\376\377\220\350\124\341\140\305\130\061\060\156\146\364\145\260}{}% 12
\BOOKMARK [2][-]{subsection.3.1}{\376\377\220\350\124\341\140\305\130\061\060\156\130\064\142\100}{section.3}% 13
\BOOKMARK [2][-]{subsection.3.2}{\376\377\220\350\124\341\060\253\060\374\060\311\060\156\151\313\220\040}{section.3}% 14
\BOOKMARK [2][-]{subsection.3.3}{\376\377\137\171\200\167\060\114\060\152\060\104\130\064\124\010}{section.3}% 15
\BOOKMARK [2][-]{subsection.3.4}{\376\377\136\164\136\246\146\377\060\217\060\212}{section.3}% 16
\BOOKMARK [1][-]{section.4}{\376\377\000G\000o\000o\000g\000l\000e\060\253\060\354\060\363\060\300\060\374\060\156\146\364\145\260}{}% 17
\BOOKMARK [1][-]{section.5}{\376\377\000G\000i\000t\060\373\000G\000i\000t\000H\000u\000b\060\153\060\210\060\213\146\364\145\260}{}% 18
\BOOKMARK [2][-]{subsection.5.1}{\376\377\000G\000i\000t\060\373\000G\000i\000t\000H\000u\000b\060\156\137\171\122\162}{section.5}% 19
\BOOKMARK [2][-]{subsection.5.2}{\376\377\117\134\151\155\060\325\060\251\060\353\060\300\060\222\225\213\060\117}{section.5}% 20
\BOOKMARK [2][-]{subsection.5.3}{\376\377\131\011\146\364\121\205\133\271\060\222\000G\000i\000t\060\153\217\375\122\240\060\131\060\213}{section.5}% 21
\BOOKMARK [2][-]{subsection.5.4}{\376\377\060\263\060\337\060\303\060\310\060\131\060\213}{section.5}% 22
\BOOKMARK [2][-]{subsection.5.5}{\376\377\000G\000i\000t\000H\000u\000b\060\170\000p\000u\000s\000h\060\131\060\213}{section.5}% 23
\BOOKMARK [2][-]{subsection.5.6}{\376\377\127\372\147\054\166\204\060\152\146\364\145\260\142\113\230\006}{section.5}% 24
\BOOKMARK [1][-]{section.6}{\376\377\000R\000e\000n\000d\000e\000r\060\170\060\156\060\307\060\327\060\355\060\244}{}% 25
\BOOKMARK [2][-]{subsection.6.1}{\376\377\000R\000e\000n\000d\000e\000r\060\156\137\171\122\162}{section.6}% 26
\BOOKMARK [2][-]{subsection.6.2}{\376\377\060\333\060\374\060\340\060\332\060\374\060\270\060\150\212\146\124\010\175\120\147\234\060\242\060\327\060\352\060\222\155\367\124\014\060\127\060\152\060\104}{section.6}% 27
